// Jest Snapshot v1, https://goo.gl/fbAQLP

exports[`Tests for <Conversion /> component Should match the snapshot 1`] = `
<div
  className="conversion "
>
  <h3
    className="conversion__name"
  >
    usd
  </h3>
  <p
    className="conversion__value"
  >
    120
  </p>
</div>
`;
