// Jest Snapshot v1, https://goo.gl/fbAQLP

exports[`Tests for <Details /> component Should match the snapshot 1`] = `
<div>
  <p>
    Loading...
  </p>
</div>
`;
