// Jest Snapshot v1, https://goo.gl/fbAQLP

exports[`Tests for <Search /> component Should match the snapshot 1`] = `
<form
  className="search"
  onSubmit={[Function]}
>
  <input
    className="search__input"
    onChange={[Function]}
    placeholder="Search for a currency..."
    type="search"
    value="USD"
  />
  <button
    className="search__submit"
    type="submit"
  >
    <span
      className="material-symbols-outlined"
    >
      search_check
    </span>
  </button>
</form>
`;
